[2025-12-08 14:10:35] === USB COPIER SCRIPT START ===
[2025-12-08 14:10:35] Starting USB file search...
[2025-12-08 14:10:35] Searching USB drive: nfs
[2025-12-08 14:10:35] Finished USB file search. Copied 0 new files.
[2025-12-08 14:10:35] === USB COPIER SCRIPT END ===
[2025-12-08 14:14:10] === USB COPIER SCRIPT START ===
[2025-12-08 14:14:10] Starting USB file search...
[2025-12-08 14:14:10] Searching USB drive: nfs
[2025-12-08 14:14:10] Finished USB file search. Copied 0 new files.
[2025-12-08 14:14:10] === USB COPIER SCRIPT END ===
[2025-12-08 14:15:11] === USB COPIER SCRIPT START ===
[2025-12-08 14:15:11] Starting USB file search...
[2025-12-08 14:15:11] Searching USB drive: nfs
[2025-12-08 14:15:11] Finished USB file search. Copied 0 new files.
[2025-12-08 14:15:11] === USB COPIER SCRIPT END ===
[2025-12-08 14:20:02] === USB COPIER SCRIPT START ===
[2025-12-08 14:20:02] Starting USB file search...
[2025-12-08 14:20:02] Searching USB drive: nfs
[2025-12-08 14:20:02] Finished USB file search. Copied 0 new files.
[2025-12-08 14:20:02] === USB COPIER SCRIPT END ===
[2025-12-08 14:20:26] === USB COPIER SCRIPT START ===
[2025-12-08 14:20:26] Starting USB file search...
[2025-12-08 14:20:26] Searching USB drive: nfs
[2025-12-08 14:20:26] Finished USB file search. Copied 0 new files.
[2025-12-08 14:20:26] === USB COPIER SCRIPT END ===
[2025-12-08 14:24:46] === USB COPIER SCRIPT START ===
[2025-12-08 14:24:46] Starting USB file search...
[2025-12-08 14:24:46] Searching USB drive: nfs
[2025-12-08 14:24:46] Finished USB file search. Copied 0 new files.
[2025-12-08 14:24:46] === USB COPIER SCRIPT END ===
